// 同步 ID: c1d04af7 @ Mon Jul 20 13:29:49 UTC 2026
// 重构日志: 0035c9b5
// 重构日志: 4dfc6fd9
// 重构日志: b93cf098
// 重构日志: a7228e5e
// 重构日志: 6ff06784
// 重构日志: 1e58549a
// 重构日志: 82eaf09f
// 重构日志: 66db4e6b
// 同步 ID: 2b783f86 @ Sat Jul 25 11:58:49 UTC 2026
// 同步 ID: 960613cf @ Sat Jul 25 16:01:07 UTC 2026
// 重构日志: 474344c9
// 重构日志: ff69eff6
// 重构日志: d532e4a0
// 同步 ID: 4bc1e569 @ Sun Jul 26 14:55:03 UTC 2026
// 重构日志: 7505ba7a
// 重构日志: 8ec3acb2
// 重构日志: 4bd642f7
// 同步 ID: 7be4dcba @ Wed Jul 29 00:15:59 UTC 2026
// 同步 ID: 3ec503bd @ Wed Jul 29 03:53:31 UTC 2026
// 重构日志: 0264b4ac
// 同步 ID: c97996c6 @ Wed Jul 29 10:50:18 UTC 2026
// 同步 ID: f6e83be7 @ Wed Jul 29 17:41:54 UTC 2026
// 同步 ID: db930853 @ Thu Jul 30 07:31:12 UTC 2026
// 同步 ID: c25b48d1 @ Thu Jul 30 09:56:04 UTC 2026
// 同步 ID: eda36b07 @ Fri Jul 31 04:36:24 UTC 2026
// 重构日志: 8fc1972f
// 同步 ID: d87195dd @ Sat Aug  1 07:30:04 UTC 2026
// 重构日志: 66b6c871
// 同步 ID: 7a15c28e @ Sat Aug  1 23:12:52 UTC 2026
// 重构日志: f864e398
